// Jest Snapshot v1, https://goo.gl/fbAQLP

exports[`renders enter warning component correctly 1`] = `
<View
  pointerEvents="box-none"
  style={
    Object {
      "flex": 1,
    }
  }
>
  <View
    collapsable={true}
    pointerEvents="box-none"
    style={
      Object {
        "flex": 1,
      }
    }
  >
    <View
      testID="showWarning"
    />
  </View>
</View>
`;
